<!DOCTYPE html>
<html><body><a href="http://[derp]/prer">derp</a>
</body></html>
